0 verbose cli /usr/src/node/node-v20.14.0-linux-x64/bin/node /usr/src/node/node-v20.14.0-linux-x64/bin/npm
1 info using npm@10.7.0
2 info using node@v20.14.0
3 silly config:load:file:/usr/src/node/node-v20.14.0-linux-x64/lib/node_modules/npm/npmrc
4 silly config:load:file:/root/backend/.npmrc
5 silly config:load:file:/root/.npmrc
6 silly config:load:file:/usr/src/node/node-v20.14.0-linux-x64/etc/npmrc
7 verbose title npm install express
8 verbose argv "install" "express"
9 verbose logfile logs-max:10 dir:/root/.npm/_logs/2026-04-29T13_52_06_970Z-
10 verbose logfile /root/.npm/_logs/2026-04-29T13_52_06_970Z-debug-0.log
11 silly logfile done cleaning log files
12 silly idealTree buildDeps
13 silly fetch manifest express@*
14 http fetch GET 200 https://registry.npmjs.org/express 215ms (cache miss)
15 silly placeDep ROOT express@5.2.1 OK for: backend@1.0.0 want: *
16 silly fetch manifest qs@^6.14.0
17 silly fetch manifest depd@^2.0.0
18 silly fetch manifest etag@^1.8.1
19 silly fetch manifest once@^1.4.0
20 silly fetch manifest send@^1.1.0
21 silly fetch manifest vary@^1.1.2
22 silly fetch manifest debug@^4.4.0
23 silly fetch manifest fresh@^2.0.0
24 silly fetch manifest cookie@^0.7.1
25 silly fetch manifest router@^2.2.0
26 silly fetch manifest accepts@^2.0.0
27 silly fetch manifest type-is@^2.0.1
28 silly fetch manifest parseurl@^1.3.3
29 silly fetch manifest statuses@^2.0.1
30 silly fetch manifest encodeurl@^2.0.0
31 silly fetch manifest mime-types@^3.0.0
32 silly fetch manifest proxy-addr@^2.0.7
33 silly fetch manifest body-parser@^2.2.1
34 silly fetch manifest escape-html@^1.0.3
35 silly fetch manifest http-errors@^2.0.0
36 silly fetch manifest on-finished@^2.4.1
37 silly fetch manifest content-type@^1.0.5
38 silly fetch manifest finalhandler@^2.1.0
39 silly fetch manifest range-parser@^1.2.1
40 silly fetch manifest serve-static@^2.2.0
41 silly fetch manifest cookie-signature@^1.2.1
42 silly fetch manifest merge-descriptors@^2.0.0
43 silly fetch manifest content-disposition@^1.0.0
44 http fetch GET 200 https://registry.npmjs.org/qs 93ms (cache miss)
45 http fetch GET 200 https://registry.npmjs.org/mime-types 127ms (cache miss)
46 http fetch GET 200 https://registry.npmjs.org/send 154ms (cache miss)
47 http fetch GET 200 https://registry.npmjs.org/etag 158ms (cache miss)
48 http fetch GET 200 https://registry.npmjs.org/vary 158ms (cache miss)
49 http fetch GET 200 https://registry.npmjs.org/depd 164ms (cache miss)
50 http fetch GET 200 https://registry.npmjs.org/encodeurl 158ms (cache miss)
51 http fetch GET 200 https://registry.npmjs.org/once 164ms (cache miss)
52 http fetch GET 200 https://registry.npmjs.org/statuses 160ms (cache miss)
53 http fetch GET 200 https://registry.npmjs.org/fresh 163ms (cache miss)
54 http fetch GET 200 https://registry.npmjs.org/parseurl 162ms (cache miss)
55 http fetch GET 200 https://registry.npmjs.org/accepts 164ms (cache miss)
56 http fetch GET 200 https://registry.npmjs.org/type-is 164ms (cache miss)
57 http fetch GET 200 https://registry.npmjs.org/cookie 168ms (cache miss)
58 http fetch GET 200 https://registry.npmjs.org/router 170ms (cache miss)
59 http fetch GET 200 https://registry.npmjs.org/debug 174ms (cache miss)
60 http fetch GET 200 https://registry.npmjs.org/proxy-addr 183ms (cache miss)
61 http fetch GET 200 https://registry.npmjs.org/on-finished 189ms (cache miss)
62 http fetch GET 200 https://registry.npmjs.org/content-type 189ms (cache miss)
63 http fetch GET 200 https://registry.npmjs.org/escape-html 190ms (cache miss)
64 http fetch GET 200 https://registry.npmjs.org/range-parser 189ms (cache miss)
65 http fetch GET 200 https://registry.npmjs.org/merge-descriptors 188ms (cache miss)
66 http fetch GET 200 https://registry.npmjs.org/body-parser 193ms (cache miss)
67 http fetch GET 200 https://registry.npmjs.org/cookie-signature 192ms (cache miss)
68 http fetch GET 200 https://registry.npmjs.org/finalhandler 193ms (cache miss)
69 http fetch GET 200 https://registry.npmjs.org/content-disposition 194ms (cache miss)
70 http fetch GET 200 https://registry.npmjs.org/http-errors 200ms (cache miss)
71 http fetch GET 200 https://registry.npmjs.org/serve-static 199ms (cache miss)
72 silly placeDep ROOT accepts@2.0.0 OK for: express@5.2.1 want: ^2.0.0
73 silly placeDep ROOT body-parser@2.2.2 OK for: express@5.2.1 want: ^2.2.1
74 silly placeDep ROOT content-disposition@1.1.0 OK for: express@5.2.1 want: ^1.0.0
75 silly placeDep ROOT content-type@1.0.5 OK for: express@5.2.1 want: ^1.0.5
76 silly placeDep ROOT cookie@0.7.2 OK for: express@5.2.1 want: ^0.7.1
77 silly placeDep ROOT cookie-signature@1.2.2 OK for: express@5.2.1 want: ^1.2.1
78 silly placeDep ROOT debug@4.4.3 OK for: express@5.2.1 want: ^4.4.0
79 silly placeDep ROOT depd@2.0.0 OK for: express@5.2.1 want: ^2.0.0
80 silly placeDep ROOT encodeurl@2.0.0 OK for: express@5.2.1 want: ^2.0.0
81 silly placeDep ROOT escape-html@1.0.3 OK for: express@5.2.1 want: ^1.0.3
82 silly placeDep ROOT etag@1.8.1 OK for: express@5.2.1 want: ^1.8.1
83 silly placeDep ROOT finalhandler@2.1.1 OK for: express@5.2.1 want: ^2.1.0
84 silly placeDep ROOT fresh@2.0.0 OK for: express@5.2.1 want: ^2.0.0
85 silly placeDep ROOT http-errors@2.0.1 OK for: express@5.2.1 want: ^2.0.0
86 silly placeDep ROOT merge-descriptors@2.0.0 OK for: express@5.2.1 want: ^2.0.0
87 silly placeDep ROOT mime-types@3.0.2 OK for: express@5.2.1 want: ^3.0.0
88 silly placeDep ROOT on-finished@2.4.1 OK for: express@5.2.1 want: ^2.4.1
89 silly placeDep ROOT once@1.4.0 OK for: express@5.2.1 want: ^1.4.0
90 silly placeDep ROOT parseurl@1.3.3 OK for: express@5.2.1 want: ^1.3.3
91 silly placeDep ROOT proxy-addr@2.0.7 OK for: express@5.2.1 want: ^2.0.7
92 silly placeDep ROOT qs@6.15.1 OK for: express@5.2.1 want: ^6.14.0
93 silly placeDep ROOT range-parser@1.2.1 OK for: express@5.2.1 want: ^1.2.1
94 silly placeDep ROOT router@2.2.0 OK for: express@5.2.1 want: ^2.2.0
95 silly placeDep ROOT send@1.2.1 OK for: express@5.2.1 want: ^1.1.0
96 silly placeDep ROOT serve-static@2.2.1 OK for: express@5.2.1 want: ^2.2.0
97 silly placeDep ROOT statuses@2.0.2 OK for: express@5.2.1 want: ^2.0.1
98 silly placeDep ROOT type-is@2.0.1 OK for: express@5.2.1 want: ^2.0.1
99 silly placeDep ROOT vary@1.1.2 OK for: express@5.2.1 want: ^1.1.2
100 silly fetch manifest negotiator@^1.0.0
101 silly fetch manifest qs@^6.14.1
102 silly fetch manifest bytes@^3.1.2
103 silly fetch manifest debug@^4.4.3
104 silly fetch manifest raw-body@^3.0.1
105 silly fetch manifest iconv-lite@^0.7.0
106 silly fetch manifest ms@^2.1.3
107 silly fetch manifest inherits@~2.0.4
108 silly fetch manifest setprototypeof@~1.2.0
109 silly fetch manifest statuses@~2.0.2
110 silly fetch manifest toidentifier@~1.0.1
111 silly fetch manifest mime-db@^1.54.0
112 silly fetch manifest ee-first@1.1.1
113 silly fetch manifest wrappy@1
114 silly fetch manifest forwarded@0.2.0
115 silly fetch manifest ipaddr.js@1.9.1
116 silly fetch manifest side-channel@^1.1.0
117 silly fetch manifest is-promise@^4.0.0
118 silly fetch manifest path-to-regexp@^8.0.0
119 silly fetch manifest statuses@^2.0.2
120 silly fetch manifest media-typer@^1.1.0
121 http fetch GET 200 https://registry.npmjs.org/inherits 59ms (cache miss)
122 http fetch GET 200 https://registry.npmjs.org/toidentifier 59ms (cache miss)
123 http fetch GET 200 https://registry.npmjs.org/forwarded 68ms (cache miss)
124 http fetch GET 200 https://registry.npmjs.org/setprototypeof 72ms (cache miss)
125 http fetch GET 200 https://registry.npmjs.org/ee-first 70ms (cache miss)
126 http fetch GET 200 https://registry.npmjs.org/wrappy 70ms (cache miss)
127 http fetch GET 200 https://registry.npmjs.org/ms 75ms (cache miss)
128 http fetch GET 200 https://registry.npmjs.org/is-promise 68ms (cache miss)
129 http fetch GET 200 https://registry.npmjs.org/iconv-lite 79ms (cache miss)
130 http fetch GET 200 https://registry.npmjs.org/side-channel 72ms (cache miss)
131 http fetch GET 200 https://registry.npmjs.org/ipaddr.js 75ms (cache miss)
132 http fetch GET 200 https://registry.npmjs.org/bytes 83ms (cache miss)
133 http fetch GET 200 https://registry.npmjs.org/negotiator 85ms (cache miss)
134 http fetch GET 200 https://registry.npmjs.org/raw-body 84ms (cache miss)
135 http fetch GET 200 https://registry.npmjs.org/mime-db 82ms (cache miss)
136 http fetch GET 200 https://registry.npmjs.org/media-typer 79ms (cache miss)
137 http fetch GET 200 https://registry.npmjs.org/path-to-regexp 85ms (cache miss)
138 silly placeDep ROOT negotiator@1.0.0 OK for: accepts@2.0.0 want: ^1.0.0
139 silly placeDep ROOT bytes@3.1.2 OK for: body-parser@2.2.2 want: ^3.1.2
140 silly placeDep ROOT iconv-lite@0.7.2 OK for: body-parser@2.2.2 want: ^0.7.0
141 silly placeDep ROOT raw-body@3.0.2 OK for: body-parser@2.2.2 want: ^3.0.1
142 silly fetch manifest safer-buffer@>= 2.1.2 < 3.0.0
143 silly fetch manifest unpipe@~1.0.0
144 http fetch GET 200 https://registry.npmjs.org/safer-buffer 49ms (cache miss)
145 http fetch GET 200 https://registry.npmjs.org/unpipe 49ms (cache miss)
146 silly placeDep ROOT ms@2.1.3 OK for: debug@4.4.3 want: ^2.1.3
147 silly placeDep ROOT inherits@2.0.4 OK for: http-errors@2.0.1 want: ~2.0.4
148 silly placeDep ROOT setprototypeof@1.2.0 OK for: http-errors@2.0.1 want: ~1.2.0
149 silly placeDep ROOT toidentifier@1.0.1 OK for: http-errors@2.0.1 want: ~1.0.1
150 silly placeDep ROOT safer-buffer@2.1.2 OK for: iconv-lite@0.7.2 want: >= 2.1.2 < 3.0.0
151 silly placeDep ROOT mime-db@1.54.0 OK for: mime-types@3.0.2 want: ^1.54.0
152 silly placeDep ROOT ee-first@1.1.1 OK for: on-finished@2.4.1 want: 1.1.1
153 silly placeDep ROOT wrappy@1.0.2 OK for: once@1.4.0 want: 1
154 silly placeDep ROOT forwarded@0.2.0 OK for: proxy-addr@2.0.7 want: 0.2.0
155 silly placeDep ROOT ipaddr.js@1.9.1 OK for: proxy-addr@2.0.7 want: 1.9.1
156 silly placeDep ROOT side-channel@1.1.0 OK for: qs@6.15.1 want: ^1.1.0
157 silly fetch manifest es-errors@^1.3.0
158 silly fetch manifest object-inspect@^1.13.3
159 silly fetch manifest side-channel-list@^1.0.0
160 silly fetch manifest side-channel-map@^1.0.1
161 silly fetch manifest side-channel-weakmap@^1.0.2
162 http fetch GET 200 https://registry.npmjs.org/es-errors 44ms (cache miss)
163 http fetch GET 200 https://registry.npmjs.org/side-channel-map 54ms (cache miss)
164 http fetch GET 200 https://registry.npmjs.org/side-channel-weakmap 53ms (cache miss)
165 http fetch GET 200 https://registry.npmjs.org/object-inspect 59ms (cache miss)
166 http fetch GET 200 https://registry.npmjs.org/side-channel-list 60ms (cache miss)
167 silly placeDep ROOT unpipe@1.0.0 OK for: raw-body@3.0.2 want: ~1.0.0
168 silly placeDep ROOT is-promise@4.0.0 OK for: router@2.2.0 want: ^4.0.0
169 silly placeDep ROOT path-to-regexp@8.4.2 OK for: router@2.2.0 want: ^8.0.0
170 silly placeDep ROOT es-errors@1.3.0 OK for: side-channel@1.1.0 want: ^1.3.0
171 silly placeDep ROOT object-inspect@1.13.4 OK for: side-channel@1.1.0 want: ^1.13.3
172 silly placeDep ROOT side-channel-list@1.0.1 OK for: side-channel@1.1.0 want: ^1.0.0
173 silly placeDep ROOT side-channel-map@1.0.1 OK for: side-channel@1.1.0 want: ^1.0.1
174 silly placeDep ROOT side-channel-weakmap@1.0.2 OK for: side-channel@1.1.0 want: ^1.0.2
175 silly fetch manifest call-bound@^1.0.2
176 silly fetch manifest get-intrinsic@^1.2.5
177 http fetch GET 200 https://registry.npmjs.org/call-bound 46ms (cache miss)
178 http fetch GET 200 https://registry.npmjs.org/get-intrinsic 47ms (cache miss)
179 silly placeDep ROOT call-bound@1.0.4 OK for: side-channel-map@1.0.1 want: ^1.0.2
180 silly placeDep ROOT get-intrinsic@1.3.0 OK for: side-channel-map@1.0.1 want: ^1.2.5
181 silly fetch manifest call-bind-apply-helpers@^1.0.2
182 silly fetch manifest get-intrinsic@^1.3.0
183 silly fetch manifest gopd@^1.2.0
184 silly fetch manifest hasown@^2.0.2
185 silly fetch manifest get-proto@^1.0.1
186 silly fetch manifest has-symbols@^1.1.0
187 silly fetch manifest function-bind@^1.1.2
188 silly fetch manifest es-object-atoms@^1.1.1
189 silly fetch manifest math-intrinsics@^1.1.0
190 silly fetch manifest es-define-property@^1.0.1
191 http fetch GET 200 https://registry.npmjs.org/es-object-atoms 63ms (cache miss)
192 http fetch GET 200 https://registry.npmjs.org/function-bind 65ms (cache miss)
193 http fetch GET 200 https://registry.npmjs.org/es-define-property 64ms (cache miss)
194 http fetch GET 200 https://registry.npmjs.org/has-symbols 68ms (cache miss)
195 http fetch GET 200 https://registry.npmjs.org/gopd 71ms (cache miss)
196 http fetch GET 200 https://registry.npmjs.org/math-intrinsics 68ms (cache miss)
197 http fetch GET 200 https://registry.npmjs.org/call-bind-apply-helpers 74ms (cache miss)
198 http fetch GET 200 https://registry.npmjs.org/hasown 74ms (cache miss)
199 http fetch GET 200 https://registry.npmjs.org/get-proto 74ms (cache miss)
200 silly placeDep ROOT call-bind-apply-helpers@1.0.2 OK for: call-bound@1.0.4 want: ^1.0.2
201 silly placeDep ROOT function-bind@1.1.2 OK for: call-bind-apply-helpers@1.0.2 want: ^1.1.2
202 silly placeDep ROOT es-define-property@1.0.1 OK for: get-intrinsic@1.3.0 want: ^1.0.1
203 silly placeDep ROOT es-object-atoms@1.1.1 OK for: get-intrinsic@1.3.0 want: ^1.1.1
204 silly placeDep ROOT get-proto@1.0.1 OK for: get-intrinsic@1.3.0 want: ^1.0.1
205 silly placeDep ROOT gopd@1.2.0 OK for: get-intrinsic@1.3.0 want: ^1.2.0
206 silly placeDep ROOT has-symbols@1.1.0 OK for: get-intrinsic@1.3.0 want: ^1.1.0
207 silly placeDep ROOT hasown@2.0.3 OK for: get-intrinsic@1.3.0 want: ^2.0.2
208 silly placeDep ROOT math-intrinsics@1.1.0 OK for: get-intrinsic@1.3.0 want: ^1.1.0
209 silly fetch manifest dunder-proto@^1.0.1
210 http fetch GET 200 https://registry.npmjs.org/dunder-proto 44ms (cache miss)
211 silly placeDep ROOT dunder-proto@1.0.1 OK for: get-proto@1.0.1 want: ^1.0.1
212 silly placeDep ROOT media-typer@1.1.0 OK for: type-is@2.0.1 want: ^1.1.0
213 silly reify moves {}
214 silly audit bulk request {
214 silly audit   express: [ '5.2.1' ],
214 silly audit   accepts: [ '2.0.0' ],
214 silly audit   'body-parser': [ '2.2.2' ],
214 silly audit   'content-disposition': [ '1.1.0' ],
214 silly audit   'content-type': [ '1.0.5' ],
214 silly audit   cookie: [ '0.7.2' ],
214 silly audit   'cookie-signature': [ '1.2.2' ],
214 silly audit   debug: [ '4.4.3' ],
214 silly audit   depd: [ '2.0.0' ],
214 silly audit   encodeurl: [ '2.0.0' ],
214 silly audit   'escape-html': [ '1.0.3' ],
214 silly audit   etag: [ '1.8.1' ],
214 silly audit   finalhandler: [ '2.1.1' ],
214 silly audit   fresh: [ '2.0.0' ],
214 silly audit   'http-errors': [ '2.0.1' ],
214 silly audit   'merge-descriptors': [ '2.0.0' ],
214 silly audit   'mime-types': [ '3.0.2' ],
214 silly audit   'on-finished': [ '2.4.1' ],
214 silly audit   once: [ '1.4.0' ],
214 silly audit   parseurl: [ '1.3.3' ],
214 silly audit   'proxy-addr': [ '2.0.7' ],
214 silly audit   qs: [ '6.15.1' ],
214 silly audit   'range-parser': [ '1.2.1' ],
214 silly audit   router: [ '2.2.0' ],
214 silly audit   send: [ '1.2.1' ],
214 silly audit   'serve-static': [ '2.2.1' ],
214 silly audit   statuses: [ '2.0.2' ],
214 silly audit   'type-is': [ '2.0.1' ],
214 silly audit   vary: [ '1.1.2' ],
214 silly audit   negotiator: [ '1.0.0' ],
214 silly audit   bytes: [ '3.1.2' ],
214 silly audit   'iconv-lite': [ '0.7.2' ],
214 silly audit   'raw-body': [ '3.0.2' ],
214 silly audit   ms: [ '2.1.3' ],
214 silly audit   inherits: [ '2.0.4' ],
214 silly audit   setprototypeof: [ '1.2.0' ],
214 silly audit   toidentifier: [ '1.0.1' ],
214 silly audit   'safer-buffer': [ '2.1.2' ],
214 silly audit   'mime-db': [ '1.54.0' ],
214 silly audit   'ee-first': [ '1.1.1' ],
214 silly audit   wrappy: [ '1.0.2' ],
214 silly audit   forwarded: [ '0.2.0' ],
214 silly audit   'ipaddr.js': [ '1.9.1' ],
214 silly audit   'side-channel': [ '1.1.0' ],
214 silly audit   unpipe: [ '1.0.0' ],
214 silly audit   'is-promise': [ '4.0.0' ],
214 silly audit   'path-to-regexp': [ '8.4.2' ],
214 silly audit   'es-errors': [ '1.3.0' ],
214 silly audit   'object-inspect': [ '1.13.4' ],
214 silly audit   'side-channel-list': [ '1.0.1' ],
214 silly audit   'side-channel-map': [ '1.0.1' ],
214 silly audit   'side-channel-weakmap': [ '1.0.2' ],
214 silly audit   'call-bound': [ '1.0.4' ],
214 silly audit   'get-intrinsic': [ '1.3.0' ],
214 silly audit   'call-bind-apply-helpers': [ '1.0.2' ],
214 silly audit   'function-bind': [ '1.1.2' ],
214 silly audit   'es-define-property': [ '1.0.1' ],
214 silly audit   'es-object-atoms': [ '1.1.1' ],
214 silly audit   'get-proto': [ '1.0.1' ],
214 silly audit   gopd: [ '1.2.0' ],
214 silly audit   'has-symbols': [ '1.1.0' ],
214 silly audit   hasown: [ '2.0.3' ],
214 silly audit   'math-intrinsics': [ '1.1.0' ],
214 silly audit   'dunder-proto': [ '1.0.1' ],
214 silly audit   'media-typer': [ '1.1.0' ]
214 silly audit }
215 silly tarball no local data for media-typer@https://registry.npmjs.org/media-typer/-/media-typer-1.1.0.tgz. Extracting by manifest.
216 silly tarball no local data for has-symbols@https://registry.npmjs.org/has-symbols/-/has-symbols-1.1.0.tgz. Extracting by manifest.
217 silly tarball no local data for gopd@https://registry.npmjs.org/gopd/-/gopd-1.2.0.tgz. Extracting by manifest.
218 silly tarball no local data for dunder-proto@https://registry.npmjs.org/dunder-proto/-/dunder-proto-1.0.1.tgz. Extracting by manifest.
219 silly tarball no local data for math-intrinsics@https://registry.npmjs.org/math-intrinsics/-/math-intrinsics-1.1.0.tgz. Extracting by manifest.
220 silly tarball no local data for get-proto@https://registry.npmjs.org/get-proto/-/get-proto-1.0.1.tgz. Extracting by manifest.
221 silly tarball no local data for es-object-atoms@https://registry.npmjs.org/es-object-atoms/-/es-object-atoms-1.1.1.tgz. Extracting by manifest.
222 silly tarball no local data for hasown@https://registry.npmjs.org/hasown/-/hasown-2.0.3.tgz. Extracting by manifest.
223 silly tarball no local data for es-define-property@https://registry.npmjs.org/es-define-property/-/es-define-property-1.0.1.tgz. Extracting by manifest.
224 silly tarball no local data for function-bind@https://registry.npmjs.org/function-bind/-/function-bind-1.1.2.tgz. Extracting by manifest.
225 silly tarball no local data for call-bind-apply-helpers@https://registry.npmjs.org/call-bind-apply-helpers/-/call-bind-apply-helpers-1.0.2.tgz. Extracting by manifest.
226 silly tarball no local data for get-intrinsic@https://registry.npmjs.org/get-intrinsic/-/get-intrinsic-1.3.0.tgz. Extracting by manifest.
227 silly tarball no local data for side-channel-map@https://registry.npmjs.org/side-channel-map/-/side-channel-map-1.0.1.tgz. Extracting by manifest.
228 silly tarball no local data for side-channel-weakmap@https://registry.npmjs.org/side-channel-weakmap/-/side-channel-weakmap-1.0.2.tgz. Extracting by manifest.
229 silly tarball no local data for call-bound@https://registry.npmjs.org/call-bound/-/call-bound-1.0.4.tgz. Extracting by manifest.
230 silly tarball no local data for side-channel-list@https://registry.npmjs.org/side-channel-list/-/side-channel-list-1.0.1.tgz. Extracting by manifest.
231 silly tarball no local data for object-inspect@https://registry.npmjs.org/object-inspect/-/object-inspect-1.13.4.tgz. Extracting by manifest.
232 silly tarball no local data for es-errors@https://registry.npmjs.org/es-errors/-/es-errors-1.3.0.tgz. Extracting by manifest.
233 silly tarball no local data for path-to-regexp@https://registry.npmjs.org/path-to-regexp/-/path-to-regexp-8.4.2.tgz. Extracting by manifest.
234 silly tarball no local data for is-promise@https://registry.npmjs.org/is-promise/-/is-promise-4.0.0.tgz. Extracting by manifest.
235 silly tarball no local data for unpipe@https://registry.npmjs.org/unpipe/-/unpipe-1.0.0.tgz. Extracting by manifest.
236 silly tarball no local data for side-channel@https://registry.npmjs.org/side-channel/-/side-channel-1.1.0.tgz. Extracting by manifest.
237 silly tarball no local data for ipaddr.js@https://registry.npmjs.org/ipaddr.js/-/ipaddr.js-1.9.1.tgz. Extracting by manifest.
238 silly tarball no local data for ee-first@https://registry.npmjs.org/ee-first/-/ee-first-1.1.1.tgz. Extracting by manifest.
239 silly tarball no local data for wrappy@https://registry.npmjs.org/wrappy/-/wrappy-1.0.2.tgz. Extracting by manifest.
240 silly tarball no local data for forwarded@https://registry.npmjs.org/forwarded/-/forwarded-0.2.0.tgz. Extracting by manifest.
241 silly tarball no local data for mime-db@https://registry.npmjs.org/mime-db/-/mime-db-1.54.0.tgz. Extracting by manifest.
242 silly tarball no local data for safer-buffer@https://registry.npmjs.org/safer-buffer/-/safer-buffer-2.1.2.tgz. Extracting by manifest.
243 silly tarball no local data for toidentifier@https://registry.npmjs.org/toidentifier/-/toidentifier-1.0.1.tgz. Extracting by manifest.
244 silly tarball no local data for setprototypeof@https://registry.npmjs.org/setprototypeof/-/setprototypeof-1.2.0.tgz. Extracting by manifest.
245 silly tarball no local data for inherits@https://registry.npmjs.org/inherits/-/inherits-2.0.4.tgz. Extracting by manifest.
246 silly tarball no local data for ms@https://registry.npmjs.org/ms/-/ms-2.1.3.tgz. Extracting by manifest.
247 silly tarball no local data for raw-body@https://registry.npmjs.org/raw-body/-/raw-body-3.0.2.tgz. Extracting by manifest.
248 silly tarball no local data for iconv-lite@https://registry.npmjs.org/iconv-lite/-/iconv-lite-0.7.2.tgz. Extracting by manifest.
249 silly tarball no local data for bytes@https://registry.npmjs.org/bytes/-/bytes-3.1.2.tgz. Extracting by manifest.
250 silly tarball no local data for negotiator@https://registry.npmjs.org/negotiator/-/negotiator-1.0.0.tgz. Extracting by manifest.
251 silly tarball no local data for type-is@https://registry.npmjs.org/type-is/-/type-is-2.0.1.tgz. Extracting by manifest.
252 silly tarball no local data for statuses@https://registry.npmjs.org/statuses/-/statuses-2.0.2.tgz. Extracting by manifest.
253 silly tarball no local data for vary@https://registry.npmjs.org/vary/-/vary-1.1.2.tgz. Extracting by manifest.
254 silly tarball no local data for serve-static@https://registry.npmjs.org/serve-static/-/serve-static-2.2.1.tgz. Extracting by manifest.
255 silly tarball no local data for send@https://registry.npmjs.org/send/-/send-1.2.1.tgz. Extracting by manifest.
256 silly tarball no local data for router@https://registry.npmjs.org/router/-/router-2.2.0.tgz. Extracting by manifest.
257 silly tarball no local data for range-parser@https://registry.npmjs.org/range-parser/-/range-parser-1.2.1.tgz. Extracting by manifest.
258 silly tarball no local data for qs@https://registry.npmjs.org/qs/-/qs-6.15.1.tgz. Extracting by manifest.
259 silly tarball no local data for parseurl@https://registry.npmjs.org/parseurl/-/parseurl-1.3.3.tgz. Extracting by manifest.
260 silly tarball no local data for proxy-addr@https://registry.npmjs.org/proxy-addr/-/proxy-addr-2.0.7.tgz. Extracting by manifest.
261 silly tarball no local data for once@https://registry.npmjs.org/once/-/once-1.4.0.tgz. Extracting by manifest.
262 silly tarball no local data for on-finished@https://registry.npmjs.org/on-finished/-/on-finished-2.4.1.tgz. Extracting by manifest.
263 silly tarball no local data for mime-types@https://registry.npmjs.org/mime-types/-/mime-types-3.0.2.tgz. Extracting by manifest.
264 silly tarball no local data for merge-descriptors@https://registry.npmjs.org/merge-descriptors/-/merge-descriptors-2.0.0.tgz. Extracting by manifest.
265 silly tarball no local data for http-errors@https://registry.npmjs.org/http-errors/-/http-errors-2.0.1.tgz. Extracting by manifest.
266 silly tarball no local data for fresh@https://registry.npmjs.org/fresh/-/fresh-2.0.0.tgz. Extracting by manifest.
267 silly tarball no local data for finalhandler@https://registry.npmjs.org/finalhandler/-/finalhandler-2.1.1.tgz. Extracting by manifest.
268 silly tarball no local data for escape-html@https://registry.npmjs.org/escape-html/-/escape-html-1.0.3.tgz. Extracting by manifest.
269 silly tarball no local data for encodeurl@https://registry.npmjs.org/encodeurl/-/encodeurl-2.0.0.tgz. Extracting by manifest.
270 silly tarball no local data for depd@https://registry.npmjs.org/depd/-/depd-2.0.0.tgz. Extracting by manifest.
271 silly tarball no local data for debug@https://registry.npmjs.org/debug/-/debug-4.4.3.tgz. Extracting by manifest.
272 silly tarball no local data for cookie-signature@https://registry.npmjs.org/cookie-signature/-/cookie-signature-1.2.2.tgz. Extracting by manifest.
273 silly tarball no local data for cookie@https://registry.npmjs.org/cookie/-/cookie-0.7.2.tgz. Extracting by manifest.
274 silly tarball no local data for content-type@https://registry.npmjs.org/content-type/-/content-type-1.0.5.tgz. Extracting by manifest.
275 silly tarball no local data for etag@https://registry.npmjs.org/etag/-/etag-1.8.1.tgz. Extracting by manifest.
276 silly tarball no local data for body-parser@https://registry.npmjs.org/body-parser/-/body-parser-2.2.2.tgz. Extracting by manifest.
277 silly tarball no local data for content-disposition@https://registry.npmjs.org/content-disposition/-/content-disposition-1.1.0.tgz. Extracting by manifest.
278 silly tarball no local data for accepts@https://registry.npmjs.org/accepts/-/accepts-2.0.0.tgz. Extracting by manifest.
279 silly tarball no local data for express@https://registry.npmjs.org/express/-/express-5.2.1.tgz. Extracting by manifest.
280 http fetch GET 200 https://registry.npmjs.org/hasown/-/hasown-2.0.3.tgz 111ms (cache miss)
281 http fetch GET 200 https://registry.npmjs.org/dunder-proto/-/dunder-proto-1.0.1.tgz 122ms (cache miss)
282 http fetch GET 200 https://registry.npmjs.org/get-proto/-/get-proto-1.0.1.tgz 122ms (cache miss)
283 http fetch GET 200 https://registry.npmjs.org/gopd/-/gopd-1.2.0.tgz 126ms (cache miss)
284 http fetch GET 200 https://registry.npmjs.org/side-channel-map/-/side-channel-map-1.0.1.tgz 120ms (cache miss)
285 http fetch GET 200 https://registry.npmjs.org/has-symbols/-/has-symbols-1.1.0.tgz 129ms (cache miss)
286 http fetch GET 200 https://registry.npmjs.org/media-typer/-/media-typer-1.1.0.tgz 130ms (cache miss)
287 http fetch GET 200 https://registry.npmjs.org/es-define-property/-/es-define-property-1.0.1.tgz 125ms (cache miss)
288 http fetch GET 200 https://registry.npmjs.org/es-object-atoms/-/es-object-atoms-1.1.1.tgz 136ms (cache miss)
289 http fetch GET 200 https://registry.npmjs.org/side-channel-weakmap/-/side-channel-weakmap-1.0.2.tgz 136ms (cache miss)
290 http fetch GET 200 https://registry.npmjs.org/function-bind/-/function-bind-1.1.2.tgz 142ms (cache miss)
291 http fetch GET 200 https://registry.npmjs.org/call-bind-apply-helpers/-/call-bind-apply-helpers-1.0.2.tgz 144ms (cache miss)
292 http fetch GET 200 https://registry.npmjs.org/call-bound/-/call-bound-1.0.4.tgz 144ms (cache miss)
293 http fetch GET 200 https://registry.npmjs.org/side-channel-list/-/side-channel-list-1.0.1.tgz 145ms (cache miss)
294 http fetch GET 200 https://registry.npmjs.org/get-intrinsic/-/get-intrinsic-1.3.0.tgz 148ms (cache miss)
295 http fetch GET 200 https://registry.npmjs.org/is-promise/-/is-promise-4.0.0.tgz 145ms (cache miss)
296 http fetch GET 200 https://registry.npmjs.org/es-errors/-/es-errors-1.3.0.tgz 156ms (cache miss)
297 http fetch GET 200 https://registry.npmjs.org/ipaddr.js/-/ipaddr.js-1.9.1.tgz 155ms (cache miss)
298 http fetch GET 200 https://registry.npmjs.org/ee-first/-/ee-first-1.1.1.tgz 155ms (cache miss)
299 http fetch GET 200 https://registry.npmjs.org/unpipe/-/unpipe-1.0.0.tgz 157ms (cache miss)
300 http fetch GET 200 https://registry.npmjs.org/wrappy/-/wrappy-1.0.2.tgz 156ms (cache miss)
301 http fetch GET 200 https://registry.npmjs.org/path-to-regexp/-/path-to-regexp-8.4.2.tgz 159ms (cache miss)
302 http fetch GET 200 https://registry.npmjs.org/forwarded/-/forwarded-0.2.0.tgz 153ms (cache miss)
303 http fetch GET 200 https://registry.npmjs.org/math-intrinsics/-/math-intrinsics-1.1.0.tgz 167ms (cache miss)
304 http fetch GET 200 https://registry.npmjs.org/safer-buffer/-/safer-buffer-2.1.2.tgz 155ms (cache miss)
305 http fetch GET 200 https://registry.npmjs.org/side-channel/-/side-channel-1.1.0.tgz 161ms (cache miss)
306 http fetch GET 200 https://registry.npmjs.org/toidentifier/-/toidentifier-1.0.1.tgz 155ms (cache miss)
307 http fetch GET 200 https://registry.npmjs.org/setprototypeof/-/setprototypeof-1.2.0.tgz 155ms (cache miss)
308 http fetch GET 200 https://registry.npmjs.org/inherits/-/inherits-2.0.4.tgz 155ms (cache miss)
309 http fetch GET 200 https://registry.npmjs.org/raw-body/-/raw-body-3.0.2.tgz 155ms (cache miss)
310 http fetch GET 200 https://registry.npmjs.org/ms/-/ms-2.1.3.tgz 155ms (cache miss)
311 http fetch GET 200 https://registry.npmjs.org/mime-db/-/mime-db-1.54.0.tgz 163ms (cache miss)
312 http fetch GET 200 https://registry.npmjs.org/object-inspect/-/object-inspect-1.13.4.tgz 171ms (cache miss)
313 http fetch GET 200 https://registry.npmjs.org/bytes/-/bytes-3.1.2.tgz 162ms (cache miss)
314 http fetch GET 200 https://registry.npmjs.org/statuses/-/statuses-2.0.2.tgz 162ms (cache miss)
315 http fetch GET 200 https://registry.npmjs.org/vary/-/vary-1.1.2.tgz 168ms (cache miss)
316 http fetch GET 200 https://registry.npmjs.org/serve-static/-/serve-static-2.2.1.tgz 172ms (cache miss)
317 http fetch POST 200 https://registry.npmjs.org/-/npm/v1/security/advisories/bulk 221ms
318 silly audit report {}
319 http fetch GET 200 https://registry.npmjs.org/negotiator/-/negotiator-1.0.0.tgz 211ms (cache miss)
320 http fetch GET 200 https://registry.npmjs.org/send/-/send-1.2.1.tgz 212ms (cache miss)
321 http fetch GET 200 https://registry.npmjs.org/range-parser/-/range-parser-1.2.1.tgz 212ms (cache miss)
322 http fetch GET 200 https://registry.npmjs.org/router/-/router-2.2.0.tgz 216ms (cache miss)
323 http fetch GET 200 https://registry.npmjs.org/type-is/-/type-is-2.0.1.tgz 219ms (cache miss)
324 http fetch GET 200 https://registry.npmjs.org/proxy-addr/-/proxy-addr-2.0.7.tgz 221ms (cache miss)
325 http fetch GET 200 https://registry.npmjs.org/merge-descriptors/-/merge-descriptors-2.0.0.tgz 223ms (cache miss)
326 http fetch GET 200 https://registry.npmjs.org/once/-/once-1.4.0.tgz 225ms (cache miss)
327 http fetch GET 200 https://registry.npmjs.org/http-errors/-/http-errors-2.0.1.tgz 224ms (cache miss)
328 http fetch GET 200 https://registry.npmjs.org/on-finished/-/on-finished-2.4.1.tgz 227ms (cache miss)
329 http fetch GET 200 https://registry.npmjs.org/mime-types/-/mime-types-3.0.2.tgz 226ms (cache miss)
330 http fetch GET 200 https://registry.npmjs.org/parseurl/-/parseurl-1.3.3.tgz 228ms (cache miss)
331 http fetch GET 200 https://registry.npmjs.org/fresh/-/fresh-2.0.0.tgz 227ms (cache miss)
332 http fetch GET 200 https://registry.npmjs.org/encodeurl/-/encodeurl-2.0.0.tgz 222ms (cache miss)
333 http fetch GET 200 https://registry.npmjs.org/debug/-/debug-4.4.3.tgz 222ms (cache miss)
334 http fetch GET 200 https://registry.npmjs.org/iconv-lite/-/iconv-lite-0.7.2.tgz 236ms (cache miss)
335 http fetch GET 200 https://registry.npmjs.org/depd/-/depd-2.0.0.tgz 223ms (cache miss)
336 http fetch GET 200 https://registry.npmjs.org/cookie/-/cookie-0.7.2.tgz 222ms (cache miss)
337 http fetch GET 200 https://registry.npmjs.org/escape-html/-/escape-html-1.0.3.tgz 229ms (cache miss)
338 http fetch GET 200 https://registry.npmjs.org/finalhandler/-/finalhandler-2.1.1.tgz 229ms (cache miss)
339 http fetch GET 200 https://registry.npmjs.org/cookie-signature/-/cookie-signature-1.2.2.tgz 223ms (cache miss)
340 http fetch GET 200 https://registry.npmjs.org/content-type/-/content-type-1.0.5.tgz 222ms (cache miss)
341 http fetch GET 200 https://registry.npmjs.org/qs/-/qs-6.15.1.tgz 235ms (cache miss)
342 http fetch GET 200 https://registry.npmjs.org/body-parser/-/body-parser-2.2.2.tgz 227ms (cache miss)
343 http fetch GET 200 https://registry.npmjs.org/content-disposition/-/content-disposition-1.1.0.tgz 228ms (cache miss)
344 http fetch GET 200 https://registry.npmjs.org/etag/-/etag-1.8.1.tgz 237ms (cache miss)
345 http fetch GET 200 https://registry.npmjs.org/express/-/express-5.2.1.tgz 236ms (cache miss)
346 http fetch GET 200 https://registry.npmjs.org/accepts/-/accepts-2.0.0.tgz 241ms (cache miss)
347 silly ADD node_modules/media-typer
348 silly ADD node_modules/dunder-proto
349 silly ADD node_modules/math-intrinsics
350 silly ADD node_modules/hasown
351 silly ADD node_modules/has-symbols
352 silly ADD node_modules/gopd
353 silly ADD node_modules/get-proto
354 silly ADD node_modules/es-object-atoms
355 silly ADD node_modules/es-define-property
356 silly ADD node_modules/function-bind
357 silly ADD node_modules/call-bind-apply-helpers
358 silly ADD node_modules/get-intrinsic
359 silly ADD node_modules/call-bound
360 silly ADD node_modules/side-channel-weakmap
361 silly ADD node_modules/side-channel-map
362 silly ADD node_modules/side-channel-list
363 silly ADD node_modules/object-inspect
364 silly ADD node_modules/es-errors
365 silly ADD node_modules/path-to-regexp
366 silly ADD node_modules/is-promise
367 silly ADD node_modules/unpipe
368 silly ADD node_modules/side-channel
369 silly ADD node_modules/ipaddr.js
370 silly ADD node_modules/forwarded
371 silly ADD node_modules/wrappy
372 silly ADD node_modules/ee-first
373 silly ADD node_modules/mime-db
374 silly ADD node_modules/safer-buffer
375 silly ADD node_modules/toidentifier
376 silly ADD node_modules/setprototypeof
377 silly ADD node_modules/inherits
378 silly ADD node_modules/ms
379 silly ADD node_modules/raw-body
380 silly ADD node_modules/iconv-lite
381 silly ADD node_modules/bytes
382 silly ADD node_modules/negotiator
383 silly ADD node_modules/vary
384 silly ADD node_modules/type-is
385 silly ADD node_modules/statuses
386 silly ADD node_modules/serve-static
387 silly ADD node_modules/send
388 silly ADD node_modules/router
389 silly ADD node_modules/range-parser
390 silly ADD node_modules/qs
391 silly ADD node_modules/proxy-addr
392 silly ADD node_modules/parseurl
393 silly ADD node_modules/once
394 silly ADD node_modules/on-finished
395 silly ADD node_modules/mime-types
396 silly ADD node_modules/merge-descriptors
397 silly ADD node_modules/http-errors
398 silly ADD node_modules/fresh
399 silly ADD node_modules/finalhandler
400 silly ADD node_modules/etag
401 silly ADD node_modules/escape-html
402 silly ADD node_modules/encodeurl
403 silly ADD node_modules/depd
404 silly ADD node_modules/debug
405 silly ADD node_modules/cookie-signature
406 silly ADD node_modules/cookie
407 silly ADD node_modules/content-type
408 silly ADD node_modules/content-disposition
409 silly ADD node_modules/body-parser
410 silly ADD node_modules/accepts
411 silly ADD node_modules/express
412 verbose exit 0
413 info ok
