0 verbose cli /usr/src/node/node-v20.14.0-linux-x64/bin/node /usr/src/node/node-v20.14.0-linux-x64/bin/npm
1 info using npm@10.7.0
2 info using node@v20.14.0
3 silly config:load:file:/usr/src/node/node-v20.14.0-linux-x64/lib/node_modules/npm/npmrc
4 silly config:load:file:/root/backend/.npmrc
5 silly config:load:file:/root/.npmrc
6 silly config:load:file:/usr/src/node/node-v20.14.0-linux-x64/etc/npmrc
7 verbose title npm init
8 verbose argv "init" "--yes"
9 verbose logfile logs-max:10 dir:/root/.npm/_logs/2026-04-29T13_51_53_466Z-
10 verbose logfile /root/.npm/_logs/2026-04-29T13_51_53_466Z-debug-0.log
11 silly logfile done cleaning log files
12 silly package data {
12 silly package data   name: 'backend',
12 silly package data   version: '1.0.0',
12 silly package data   main: 'index.js',
12 silly package data   scripts: { test: 'echo "Error: no test specified" && exit 1' },
12 silly package data   keywords: [],
12 silly package data   author: '',
12 silly package data   license: 'ISC',
12 silly package data   description: ''
12 silly package data }
13 verbose exit 0
14 info ok
